// Jest Snapshot v1, https://goo.gl/fbAQLP

exports[`App should render successfully 1`] = `
<body>
  <div>
    <div>
      <h1>
        Hello from
      </h1>
      <div>
        Loading...
      </div>
    </div>
  </div>
</body>
`;
