// Jest Snapshot v1, https://goo.gl/fbAQLP

exports[`TIMER MODULES - VIEWS - Countdown component should render successfully 1`] = `
<body>
  <div>
    <h1
      class="text-[114px] text-center font-bold"
    >
      02
      :
      00
    </h1>
  </div>
</body>
`;
